[INFO] Scanning for projects...
[INFO] 
[INFO] ---------------------------< cm.ftg:tontine >---------------------------
[INFO] Building  0.0.1-SNAPSHOT
[INFO]   from pom.xml
[INFO] --------------------------------[ jar ]---------------------------------
[INFO] 
[INFO] >>> spring-boot:4.0.5:run (default-cli) > test-compile @ tontine >>>
[INFO] 
[INFO] --- gplus:3.0.2:addTestSources (default) @ tontine ---
[INFO] 
[INFO] --- resources:3.3.1:resources (default-resources) @ tontine ---
[INFO] Copying 1 resource from src\main\resources to target\classes
[INFO] Copying 0 resource from src\main\resources to target\classes
[INFO] 
[INFO] --- compiler:3.14.1:compile (default-compile) @ tontine ---
[INFO] Recompiling the module because of changed source code.
[INFO] Compiling 530 source files with javac [debug parameters release 21] to target\classes
[INFO] 
[INFO] --- resources:3.3.1:testResources (default-testResources) @ tontine ---
[INFO] Copying 1 resource from src\test\resources to target\test-classes
[INFO] 
[INFO] --- compiler:3.14.1:testCompile (default-testCompile) @ tontine ---
[INFO] Recompiling the module because of changed dependency.
[INFO] Compiling 2 source files with javac [debug parameters release 21] to target\test-classes
[INFO] 
[INFO] --- gplus:3.0.2:compileTests (default) @ tontine ---
[INFO] Using isolated classloader, without GMavenPlus classpath.
[INFO] Using Groovy 4.0.24 to perform compileTests.
[INFO] invokedynamic enabled.
[INFO] Parallel parsing enabled.
[INFO] Compiled 270 files.
[INFO] 
[INFO] <<< spring-boot:4.0.5:run (default-cli) < test-compile @ tontine <<<
[INFO] 
[INFO] 
[INFO] --- spring-boot:4.0.5:run (default-cli) @ tontine ---
[INFO] Attaching agents: []

  .   ____          _            __ _ _
 /\\ / ___'_ __ _ _(_)_ __  __ _ \ \ \ \
( ( )\___ | '_ | '_| | '_ \/ _` | \ \ \ \
 \\/  ___)| |_)| | | | | || (_| |  ) ) ) )
  '  |____| .__|_| |_|_| |_\__, | / / / /
 =========|_|==============|___/=/_/_/_/

 :: Spring Boot ::                (v4.0.5)

2026-05-30T19:02:20.598+04:00  INFO 18864 --- [tontine] [           main] cm.ftg.tontine.TontineApplication        : Starting TontineApplication using Java 21.0.9 with PID 18864 (C:\Users\g.fokou.tamafo\Documents\projet\tontine-back\target\classes started by g.fokou.tamafo in C:\Users\g.fokou.tamafo\Documents\projet\tontine-back)
2026-05-30T19:02:20.606+04:00 DEBUG 18864 --- [tontine] [           main] cm.ftg.tontine.TontineApplication        : Running with Spring Boot v4.0.5, Spring v7.0.6
2026-05-30T19:02:20.607+04:00  INFO 18864 --- [tontine] [           main] cm.ftg.tontine.TontineApplication        : No active profile set, falling back to 1 default profile: "default"
2026-05-30T19:02:23.770+04:00  INFO 18864 --- [tontine] [           main] .s.d.r.c.RepositoryConfigurationDelegate : Bootstrapping Spring Data JPA repositories in DEFAULT mode.
2026-05-30T19:02:24.928+04:00  INFO 18864 --- [tontine] [           main] .s.d.r.c.RepositoryConfigurationDelegate : Finished Spring Data repository scanning in 1117 ms. Found 53 JPA repository interfaces.
2026-05-30T19:02:26.458+04:00  INFO 18864 --- [tontine] [           main] o.s.boot.tomcat.TomcatWebServer          : Tomcat initialized with port 8081 (http)
2026-05-30T19:02:26.482+04:00  INFO 18864 --- [tontine] [           main] o.apache.catalina.core.StandardService   : Starting service [Tomcat]
2026-05-30T19:02:26.483+04:00  INFO 18864 --- [tontine] [           main] o.apache.catalina.core.StandardEngine    : Starting Servlet engine: [Apache Tomcat/11.0.20]
2026-05-30T19:02:26.645+04:00  INFO 18864 --- [tontine] [           main] b.w.c.s.WebApplicationContextInitializer : Root WebApplicationContext: initialization completed in 5947 ms
2026-05-30T19:02:27.076+04:00  INFO 18864 --- [tontine] [           main] org.hibernate.orm.jpa                    : HHH008540: Processing PersistenceUnitInfo [name: default]
2026-05-30T19:02:27.208+04:00  INFO 18864 --- [tontine] [           main] org.hibernate.orm.core                   : HHH000001: Hibernate ORM core version 7.2.7.Final
2026-05-30T19:02:28.001+04:00  INFO 18864 --- [tontine] [           main] o.s.o.j.p.SpringPersistenceUnitInfo      : No LoadTimeWeaver setup: ignoring JPA class transformer
2026-05-30T19:02:28.065+04:00  INFO 18864 --- [tontine] [           main] com.zaxxer.hikari.HikariDataSource       : HikariPool-1 - Starting...
2026-05-30T19:02:28.374+04:00  INFO 18864 --- [tontine] [           main] com.zaxxer.hikari.pool.HikariPool        : HikariPool-1 - Added connection conn0: url=jdbc:h2:mem:tontine user=SA
2026-05-30T19:02:28.377+04:00  INFO 18864 --- [tontine] [           main] com.zaxxer.hikari.HikariDataSource       : HikariPool-1 - Start completed.
2026-05-30T19:02:28.486+04:00  INFO 18864 --- [tontine] [           main] org.hibernate.orm.connections.pooling    : HHH10001005: Database info:
	Database JDBC URL [jdbc:h2:mem:tontine]
	Database driver: H2 JDBC Driver
	Database dialect: H2Dialect
	Database version: 2.4.240
	Default catalog/schema: TONTINE/PUBLIC
	Autocommit mode: undefined/unknown
	Isolation level: READ_COMMITTED [default READ_COMMITTED]
	JDBC fetch size: 100
	Pool: DataSourceConnectionProvider
	Minimum pool size: undefined/unknown
	Maximum pool size: undefined/unknown
2026-05-30T19:02:31.701+04:00  INFO 18864 --- [tontine] [           main] org.hibernate.orm.core                   : HHH000489: No JTA platform available (set 'hibernate.transaction.jta.platform' to enable JTA platform integration)
2026-05-30T19:02:32.036+04:00  INFO 18864 --- [tontine] [           main] j.LocalContainerEntityManagerFactoryBean : Initialized JPA EntityManagerFactory for persistence unit 'default'
2026-05-30T19:02:32.195+04:00  INFO 18864 --- [tontine] [           main] o.s.d.j.r.query.QueryEnhancerFactories   : Hibernate is in classpath; If applicable, HQL parser will be used.
2026-05-30T19:02:32.779+04:00 DEBUG 18864 --- [tontine] [           main] c.f.t.security.JwtAuthenticationFilter   : Filter 'jwtAuthenticationFilter' configured for use
2026-05-30T19:02:37.115+04:00  INFO 18864 --- [tontine] [           main] c.f.t.s.service.LocalFileStorageBackend  : LocalFileStorageBackend initialise sur C:\Users\g.fokou.tamafo\Documents\projet\tontine-back\uploads
2026-05-30T19:02:37.586+04:00  WARN 18864 --- [tontine] [           main] .s.a.UserDetailsServiceAutoConfiguration : 

Using generated security password: 5d34fcbe-40c0-48fe-a9a6-72e7aa724674

This generated password is for development use only. Your security configuration must be updated before running your application in production.

2026-05-30T19:02:37.605+04:00  INFO 18864 --- [tontine] [           main] r$InitializeUserDetailsManagerConfigurer : Global AuthenticationManager configured with UserDetailsService bean with name inMemoryUserDetailsManager
2026-05-30T19:02:38.806+04:00  INFO 18864 --- [tontine] [           main] o.s.b.a.e.web.EndpointLinksResolver      : Exposing 1 endpoint beneath base path '/actuator'
2026-05-30T19:02:38.910+04:00  INFO 18864 --- [tontine] [           main] o.s.m.s.b.SimpleBrokerMessageHandler     : Starting...
2026-05-30T19:02:38.913+04:00  INFO 18864 --- [tontine] [           main] o.s.m.s.b.SimpleBrokerMessageHandler     : BrokerAvailabilityEvent[available=true, SimpleBrokerMessageHandler [org.springframework.messaging.simp.broker.DefaultSubscriptionRegistry@5248d9cb]]
2026-05-30T19:02:38.914+04:00  INFO 18864 --- [tontine] [           main] o.s.m.s.b.SimpleBrokerMessageHandler     : Started.
2026-05-30T19:02:38.956+04:00  INFO 18864 --- [tontine] [           main] o.s.boot.tomcat.TomcatWebServer          : Tomcat started on port 8081 (http) with context path '/api'
2026-05-30T19:02:38.974+04:00  INFO 18864 --- [tontine] [           main] cm.ftg.tontine.TontineApplication        : Started TontineApplication in 19.287 seconds (process running for 20.159)
2026-05-30T19:02:59.447+04:00  INFO 18864 --- [tontine] [omcat-handler-0] o.a.c.c.C.[Tomcat].[localhost].[/api]    : Initializing Spring DispatcherServlet 'dispatcherServlet'
2026-05-30T19:02:59.447+04:00  INFO 18864 --- [tontine] [omcat-handler-0] o.s.web.servlet.DispatcherServlet        : Initializing Servlet 'dispatcherServlet'
2026-05-30T19:02:59.452+04:00  INFO 18864 --- [tontine] [omcat-handler-0] o.s.web.servlet.DispatcherServlet        : Completed initialization in 5 ms
2026-05-30T19:03:03.360+04:00  INFO 18864 --- [tontine] [omcat-handler-0] o.springdoc.api.AbstractOpenApiResource  : Init duration for springdoc-openapi is: 3831 ms
2026-05-30T19:03:38.873+04:00  INFO 18864 --- [tontine] [MessageBroker-1] o.s.w.s.c.WebSocketMessageBrokerStats    : WebSocketSession[0 current WS(0)-HttpStream(0)-HttpPoll(0), 0 total, 0 closed abnormally (0 connect failure, 0 send limit, 0 transport error)], stompSubProtocol[processed CONNECT(0)-CONNECTED(0)-DISCONNECT(0)], stompBrokerRelay[null], inboundChannel[pool size = 0, active threads = 0, queued tasks = 0, completed tasks = 0], outboundChannel[pool size = 0, active threads = 0, queued tasks = 0, completed tasks = 0], sockJsScheduler[pool size = 5, active threads = 1, queued tasks = 4, completed tasks = 0]
