#
# There is insufficient memory for the Java Runtime Environment to continue.
# Native memory allocation (malloc) failed to allocate 1048576 bytes. Error detail: AllocateHeap
# Possible reasons:
#   The system is out of physical RAM or swap space
#   This process is running with CompressedOops enabled, and the Java Heap may be blocking the growth of the native heap
# Possible solutions:
#   Reduce memory load on the system
#   Increase physical memory or swap space
#   Check if swap backing store is full
#   Decrease Java heap size (-Xmx/-Xms)
#   Decrease number of Java threads
#   Decrease Java thread stack sizes (-Xss)
#   Set larger code cache with -XX:ReservedCodeCacheSize=
#   JVM is running with Unscaled Compressed Oops mode in which the Java heap is
#     placed in the first 4GB address space. The Java Heap base address is the
#     maximum limit for the native heap growth. Please use -XX:HeapBaseMinAddress
#     to set the Java Heap base and to place the Java Heap above 4GB virtual address.
# This output file may be truncated or incomplete.
#
#  Out of Memory Error (allocation.cpp:44), pid=16636, tid=40040
#
# JRE version: OpenJDK Runtime Environment Temurin-21.0.10+7 (21.0.10+7) (build 21.0.10+7-LTS)
# Java VM: OpenJDK 64-Bit Server VM Temurin-21.0.10+7 (21.0.10+7-LTS, mixed mode, sharing, tiered, compressed oops, compressed class ptrs, parallel gc, windows-amd64)
# No core dump will be written. Minidumps are not enabled by default on client versions of Windows
#

---------------  S U M M A R Y ------------

Command Line: --add-modules=ALL-SYSTEM --add-opens=java.base/java.util=ALL-UNNAMED --add-opens=java.base/java.lang=ALL-UNNAMED --add-opens=java.base/sun.nio.fs=ALL-UNNAMED -Declipse.application=org.eclipse.jdt.ls.core.id1 -Dosgi.bundles.defaultStartLevel=4 -Declipse.product=org.eclipse.jdt.ls.core.product -Djava.import.generatesMetadataFilesAtProjectRoot=false -DDetectVMInstallationsJob.disabled=true -Dfile.encoding=utf8 -XX:+UseParallelGC -XX:GCTimeRatio=4 -XX:AdaptiveSizePolicyWeight=90 -Dsun.zip.disableMemoryMapping=true -Xmx2G -Xms100m -Xlog:disable -javaagent:c:\Users\g.fokou.tamafo\.vscode\extensions\redhat.java-1.54.0-win32-x64\lombok\lombok-1.18.39-4050.jar -XX:+HeapDumpOnOutOfMemoryError -XX:HeapDumpPath=c:\Users\g.fokou.tamafo\AppData\Roaming\Code\User\workspaceStorage\14664f1a38bb628d7ee8ba8b425e261a\redhat.java -Daether.dependencyCollector.impl=bf c:\Users\g.fokou.tamafo\.vscode\extensions\redhat.java-1.54.0-win32-x64\server\plugins\org.eclipse.equinox.launcher_1.7.100.v20251111-0406.jar -configuration c:\Users\g.fokou.tamafo\AppData\Roaming\Code\User\globalStorage\redhat.java\1.54.0\config_win -data c:\Users\g.fokou.tamafo\AppData\Roaming\Code\User\workspaceStorage\14664f1a38bb628d7ee8ba8b425e261a\redhat.java\jdt_ws --pipe=\\.\pipe\lsp-5b493c0fe44f3e3eaeb5c3a30c5715ff-sock

Host: 12th Gen Intel(R) Core(TM) i7-1265U, 12 cores, 15G,  Windows 11 , 64 bit Build 26100 (10.0.26100.8521)
Time: Sun Jun 21 16:51:00 2026 Arabie elapsed time: 111401.158846 seconds (1d 6h 56m 41s)

---------------  T H R E A D  ---------------

Current thread (0x00000135451fe3d0):  JavaThread "Attach Listener" daemon [_thread_in_vm, id=40040, stack(0x0000002d38800000,0x0000002d38900000) (1024K)]

Stack: [0x0000002d38800000,0x0000002d38900000]
Native frames: (J=compiled Java code, j=interpreted, Vv=VM code, C=native code)
V  [jvm.dll+0x6d7a39]
V  [jvm.dll+0x8b4b26]
V  [jvm.dll+0x8b70de]
V  [jvm.dll+0x8b77c3]
V  [jvm.dll+0x284346]
V  [jvm.dll+0xc1277]
V  [jvm.dll+0x6d82e9]
V  [jvm.dll+0x1334a6]
V  [jvm.dll+0x3f857e]
V  [jvm.dll+0x85f59d]
V  [jvm.dll+0x6d626d]
C  [ucrtbase.dll+0x2cd30]
C  [KERNEL32.DLL+0x2e957]
C  [ntdll.dll+0x87c1c]


---------------  P R O C E S S  ---------------

Threads class SMR info:
_java_thread_list=0x000001354ce93830, length=42, elements={
0x000001356ad9ae30, 0x00000135451f3850, 0x00000135451f6990, 0x00000135451fd1b0,
0x00000135451fe3d0, 0x00000135463430b0, 0x0000013546346c30, 0x000001354634ad90,
0x000001354637aeb0, 0x0000013546543380, 0x00000135466a0cd0, 0x000001354c1c1ff0,
0x000001354c02d070, 0x000001354c02dd90, 0x000001354c02e420, 0x000001354c02c9e0,
0x000001354c02afa0, 0x000001354c02b630, 0x000001354c02d700, 0x000001354cfb3090,
0x000001354cfb2a00, 0x000001354cfb4ad0, 0x000001354cfb1650, 0x000001354cfb6510,
0x000001354cfb78c0, 0x000001354cfb6ba0, 0x000001354cfb7f50, 0x000001354cfb85e0,
0x000001354cfb57f0, 0x000001354cfb5e80, 0x000001354cfb7230, 0x000001354cfb5160,
0x000001354e3fb0c0, 0x000001354e3fb750, 0x000001354e3f9d10, 0x000001354e3fbde0,
0x000001354e3fcb00, 0x000001354e3febd0, 0x000001354e3fd190, 0x000001354cfb3720,
0x000001354cb63fa0, 0x000001354e2416c0
}

Java Threads: ( => current thread )
  0x000001356ad9ae30 JavaThread "main"                              [_thread_blocked, id=26892, stack(0x0000002d38100000,0x0000002d38200000) (1024K)]
  0x00000135451f3850 JavaThread "Reference Handler"          daemon [_thread_blocked, id=37756, stack(0x0000002d38500000,0x0000002d38600000) (1024K)]
  0x00000135451f6990 JavaThread "Finalizer"                  daemon [_thread_blocked, id=20636, stack(0x0000002d38600000,0x0000002d38700000) (1024K)]
  0x00000135451fd1b0 JavaThread "Signal Dispatcher"          daemon [_thread_blocked, id=23900, stack(0x0000002d38700000,0x0000002d38800000) (1024K)]
=>0x00000135451fe3d0 JavaThread "Attach Listener"            daemon [_thread_in_vm, id=40040, stack(0x0000002d38800000,0x0000002d38900000) (1024K)]
  0x00000135463430b0 JavaThread "Service Thread"             daemon [_thread_blocked, id=24264, stack(0x0000002d38900000,0x0000002d38a00000) (1024K)]
  0x0000013546346c30 JavaThread "Monitor Deflation Thread"   daemon [_thread_blocked, id=21108, stack(0x0000002d38a00000,0x0000002d38b00000) (1024K)]
  0x000001354634ad90 JavaThread "C2 CompilerThread0"         daemon [_thread_blocked, id=7356, stack(0x0000002d38b00000,0x0000002d38c00000) (1024K)]
  0x000001354637aeb0 JavaThread "C1 CompilerThread0"         daemon [_thread_blocked, id=2568, stack(0x0000002d38c00000,0x0000002d38d00000) (1024K)]
  0x0000013546543380 JavaThread "Common-Cleaner"             daemon [_thread_blocked, id=39768, stack(0x0000002d38e00000,0x0000002d38f00000) (1024K)]
  0x00000135466a0cd0 JavaThread "Notification Thread"        daemon [_thread_blocked, id=15208, stack(0x0000002d38d00000,0x0000002d38e00000) (1024K)]
  0x000001354c1c1ff0 JavaThread "Active Thread: Equinox Container: 5427f0ed-a2ba-446a-91c0-51b6c8d53cd1"        [_thread_blocked, id=10180, stack(0x0000002d39000000,0x0000002d39100000) (1024K)]
  0x000001354c02d070 JavaThread "Refresh Thread: Equinox Container: 5427f0ed-a2ba-446a-91c0-51b6c8d53cd1" daemon [_thread_blocked, id=27564, stack(0x0000002d39700000,0x0000002d39800000) (1024K)]
  0x000001354c02dd90 JavaThread "Framework Event Dispatcher: Equinox Container: 5427f0ed-a2ba-446a-91c0-51b6c8d53cd1" daemon [_thread_blocked, id=32432, stack(0x0000002d39800000,0x0000002d39900000) (1024K)]
  0x000001354c02e420 JavaThread "Start Level: Equinox Container: 5427f0ed-a2ba-446a-91c0-51b6c8d53cd1" daemon [_thread_blocked, id=29392, stack(0x0000002d39900000,0x0000002d39a00000) (1024K)]
  0x000001354c02c9e0 JavaThread "Bundle File Closer"         daemon [_thread_blocked, id=17164, stack(0x0000002d39c00000,0x0000002d39d00000) (1024K)]
  0x000001354c02afa0 JavaThread "SCR Component Actor"        daemon [_thread_blocked, id=8772, stack(0x0000002d37f00000,0x0000002d38000000) (1024K)]
  0x000001354c02b630 JavaThread "Worker-JM"                         [_thread_blocked, id=35408, stack(0x0000002d39b00000,0x0000002d39c00000) (1024K)]
  0x000001354c02d700 JavaThread "JNA Cleaner"                daemon [_thread_blocked, id=8884, stack(0x0000002d38000000,0x0000002d38100000) (1024K)]
  0x000001354cfb3090 JavaThread "Java indexing"              daemon [_thread_blocked, id=36012, stack(0x0000002d3a300000,0x0000002d3a400000) (1024K)]
  0x000001354cfb2a00 JavaThread "Thread-1"                   daemon [_thread_in_native, id=32736, stack(0x0000002d3a800000,0x0000002d3a900000) (1024K)]
  0x000001354cfb4ad0 JavaThread "Thread-2"                   daemon [_thread_in_native, id=31584, stack(0x0000002d3a900000,0x0000002d3aa00000) (1024K)]
  0x000001354cfb1650 JavaThread "Thread-3"                   daemon [_thread_in_native, id=29216, stack(0x0000002d3aa00000,0x0000002d3ab00000) (1024K)]
  0x000001354cfb6510 JavaThread "Thread-4"                   daemon [_thread_in_native, id=23484, stack(0x0000002d3ab00000,0x0000002d3ac00000) (1024K)]
  0x000001354cfb78c0 JavaThread "Thread-5"                   daemon [_thread_in_native, id=41848, stack(0x0000002d3ac00000,0x0000002d3ad00000) (1024K)]
  0x000001354cfb6ba0 JavaThread "Thread-6"                   daemon [_thread_in_native, id=1392, stack(0x0000002d3ad00000,0x0000002d3ae00000) (1024K)]
  0x000001354cfb7f50 JavaThread "Thread-7"                   daemon [_thread_in_native, id=32680, stack(0x0000002d3ae00000,0x0000002d3af00000) (1024K)]
  0x000001354cfb85e0 JavaThread "Thread-8"                   daemon [_thread_in_native, id=6108, stack(0x0000002d3af00000,0x0000002d3b000000) (1024K)]
  0x000001354cfb57f0 JavaThread "Thread-9"                   daemon [_thread_in_native, id=1932, stack(0x0000002d3b000000,0x0000002d3b100000) (1024K)]
  0x000001354cfb5e80 JavaThread "Thread-10"                  daemon [_thread_in_native, id=34932, stack(0x0000002d3b100000,0x0000002d3b200000) (1024K)]
  0x000001354cfb7230 JavaThread "Thread-11"                  daemon [_thread_in_native, id=31228, stack(0x0000002d3b200000,0x0000002d3b300000) (1024K)]
  0x000001354cfb5160 JavaThread "Thread-12"                  daemon [_thread_in_native, id=18784, stack(0x0000002d3b300000,0x0000002d3b400000) (1024K)]
  0x000001354e3fb0c0 JavaThread "Thread-13"                  daemon [_thread_in_native, id=40372, stack(0x0000002d3b400000,0x0000002d3b500000) (1024K)]
  0x000001354e3fb750 JavaThread "pool-2-thread-1"                   [_thread_blocked, id=36276, stack(0x0000002d3b500000,0x0000002d3b600000) (1024K)]
  0x000001354e3f9d10 JavaThread "WorkspaceEventsHandler"            [_thread_blocked, id=23004, stack(0x0000002d3b700000,0x0000002d3b800000) (1024K)]
  0x000001354e3fbde0 JavaThread "pool-1-thread-1"                   [_thread_blocked, id=38832, stack(0x0000002d3b800000,0x0000002d3b900000) (1024K)]
  0x000001354e3fcb00 JavaThread "Java Debug Server"          daemon [_thread_in_native, id=40060, stack(0x0000002d3b600000,0x0000002d3b700000) (1024K)]
  0x000001354e3febd0 JavaThread "RxSchedulerPurge-1"         daemon [_thread_blocked, id=26412, stack(0x0000002d3ba00000,0x0000002d3bb00000) (1024K)]
  0x000001354e3fd190 JavaThread "RxCachedWorkerPoolEvictor-1" daemon [_thread_blocked, id=41188, stack(0x0000002d3bb00000,0x0000002d3bc00000) (1024K)]
  0x000001354cfb3720 JavaThread "Cleaner-0"                  daemon [_thread_blocked, id=11760, stack(0x0000002d3be00000,0x0000002d3bf00000) (1024K)]
  0x000001354cb63fa0 JavaThread "Worker-41"                         [_thread_blocked, id=46292, stack(0x0000002d39e00000,0x0000002d39f00000) (1024K)]
  0x000001354e2416c0 JavaThread "Worker-45"                         [_thread_blocked, id=29868, stack(0x0000002d3c400000,0x0000002d3c500000) (1024K)]
Total: 42

Other Threads:
  0x00000135451e4b20 VMThread "VM Thread"                           [id=41532, stack(0x0000002d38400000,0x0000002d38500000) (1024K)]
  0x000001356d6fe090 WatcherThread "VM Periodic Task Thread"        [id=12396, stack(0x0000002d38300000,0x0000002d38400000) (1024K)]
  0x000001356d6ad420 WorkerThread "GC Thread#0"                     [id=20912, stack(0x0000002d38200000,0x0000002d38300000) (1024K)]
  0x000001354c221090 WorkerThread "GC Thread#1"                     [id=37460, stack(0x0000002d39100000,0x0000002d39200000) (1024K)]
  0x0000013547c61e60 WorkerThread "GC Thread#2"                     [id=37144, stack(0x0000002d39200000,0x0000002d39300000) (1024K)]
  0x000001354c221990 WorkerThread "GC Thread#3"                     [id=40328, stack(0x0000002d39300000,0x0000002d39400000) (1024K)]
  0x000001354c221d40 WorkerThread "GC Thread#4"                     [id=14008, stack(0x0000002d39400000,0x0000002d39500000) (1024K)]
  0x000001354c2220f0 WorkerThread "GC Thread#5"                     [id=39968, stack(0x0000002d39500000,0x0000002d39600000) (1024K)]
  0x00000135475eef40 WorkerThread "GC Thread#6"                     [id=16212, stack(0x0000002d39600000,0x0000002d39700000) (1024K)]
  0x000001354636ea00 WorkerThread "GC Thread#7"                     [id=21220, stack(0x0000002d38f00000,0x0000002d39000000) (1024K)]
  0x00000135465b74c0 WorkerThread "GC Thread#8"                     [id=41708, stack(0x0000002d37e00000,0x0000002d37f00000) (1024K)]
  0x000001354c9ccbb0 WorkerThread "GC Thread#9"                     [id=40524, stack(0x0000002d39a00000,0x0000002d39b00000) (1024K)]
Total: 12

Threads with active compile tasks:
Total: 0

VM state: not at safepoint (normal execution)

VM Mutex/Monitor currently owned by a thread: None

Heap address: 0x0000000080000000, size: 2048 MB, Compressed Oops mode: 32-bit

CDS archive(s) mapped at: [0x0000013504000000-0x0000013504ba0000-0x0000013504ba0000), size 12189696, SharedBaseAddress: 0x0000013504000000, ArchiveRelocationMode: 1.
Compressed class space mapped at: 0x0000013505000000-0x0000013545000000, reserved size: 1073741824
Narrow klass base: 0x0000013504000000, Narrow klass shift: 0, Narrow klass range: 0x100000000

GC Precious Log:
 CardTable entry size: 512
 CPUs: 12 total, 12 available
 Memory: 16016M
 Large Page Support: Disabled
 NUMA Support: Disabled
 Compressed Oops: Enabled (32-bit)
 Alignments: Space 512K, Generation 512K, Heap 2M
 Heap Min Capacity: 100M
 Heap Initial Capacity: 100M
 Heap Max Capacity: 2G
 Pre-touch: Disabled
 Parallel Workers: 10

Heap:
 PSYoungGen      total 3072K, used 1983K [0x00000000d5580000, 0x00000000d5b00000, 0x0000000100000000)
  eden space 2560K, 69% used [0x00000000d5580000,0x00000000d573fc48,0x00000000d5800000)
  from space 512K, 37% used [0x00000000d5a80000,0x00000000d5ab0000,0x00000000d5b00000)
  to   space 512K, 0% used [0x00000000d5a00000,0x00000000d5a00000,0x00000000d5a80000)
 ParOldGen       total 366080K, used 365879K [0x0000000080000000, 0x0000000096580000, 0x00000000d5580000)
  object space 366080K, 99% used [0x0000000080000000,0x000000009654de80,0x0000000096580000)
 Metaspace       used 94224K, committed 95872K, reserved 1179648K
  class space    used 9463K, committed 10240K, reserved 1048576K

Card table byte_map: [0x000001356d030000,0x000001356d440000] _byte_map_base: 0x000001356cc30000

Marking Bits: (ParMarkBitMap*) 0x00007ff8b7b13450
 Begin Bits: [0x0000013500000000, 0x0000013502000000)
 End Bits:   [0x0000013502000000, 0x0000013504000000)

Polling page: 0x000001356ce20000

Metaspace:

Usage:
  Non-class:     82.77 MB used.
      Class:      9.24 MB used.
       Both:     92.02 MB used.

Virtual space:
  Non-class space:      128.00 MB reserved,      83.62 MB ( 65%) committed,  2 nodes.
      Class space:        1.00 GB reserved,      10.00 MB ( <1%) committed,  1 nodes.
             Both:        1.12 GB reserved,      93.62 MB (  8%) committed. 

Chunk freelists:
   Non-Class:  12.34 MB
       Class:  6.01 MB
        Both:  18.35 MB

MaxMetaspaceSize: unlimited
CompressedClassSpaceSize: 1.00 GB
Initial GC threshold: 21.00 MB
Current GC threshold: 155.88 MB
CDS: on
 - commit_granule_bytes: 65536.
 - commit_granule_words: 8192.
 - virtual_space_node_default_size: 8388608.
 - enlarge_chunks_in_place: 1.
 - use_allocation_guard: 0.


Internal statistics:

num_allocs_failed_limit: 9.
num_arena_births: 2176.
num_arena_deaths: 732.
num_vsnodes_births: 3.
num_vsnodes_deaths: 0.
num_space_committed: 1498.
num_space_uncommitted: 0.
num_chunks_returned_to_freelist: 921.
num_chunks_taken_from_freelist: 7148.
num_chunk_merges: 257.
num_chunk_splits: 3964.
num_chunks_enlarged: 2153.
num_inconsistent_stats: 0.

CodeHeap 'non-profiled nmethods': size=120000Kb used=24737Kb max_used=34688Kb free=95262Kb
 bounds [0x0000013578330000, 0x000001357a520000, 0x000001357f860000]
CodeHeap 'profiled nmethods': size=120000Kb used=27069Kb max_used=48991Kb free=92931Kb
 bounds [0x0000013570860000, 0x0000013573840000, 0x0000013577d90000]
CodeHeap 'non-nmethods': size=5760Kb used=1538Kb max_used=1632Kb free=4221Kb
 bounds [0x0000013577d90000, 0x0000013578000000, 0x0000013578330000]
CodeCache: size=245760Kb, used=53344Kb, max_used=85311Kb, free=192414Kb
 total_blobs=15267, nmethods=14410, adapters=759, full_count=0
Compilation: enabled, stopped_count=0, restarted_count=0

Compilation events (20 events):
Event: 108388.718 Thread 0x000001354634ad90 28440       4       java.util.Formatter$Conversion::isValid (256 bytes)
Event: 108388.729 Thread 0x000001354634ad90 nmethod 28440 0x00000135783bf390 code [0x00000135783bf520, 0x00000135783bf600]
Event: 108388.768 Thread 0x000001354637aeb0 28441       3       java.util.Formatter$FormatSpecifier::localizedMagnitude (20 bytes)
Event: 108388.790 Thread 0x000001354637aeb0 nmethod 28441 0x0000013570bf7390 code [0x0000013570bf7540, 0x0000013570bf7700]
Event: 108388.791 Thread 0x000001354637aeb0 28442       1       com.google.gson.internal.LazilyParsedNumber::toString (5 bytes)
Event: 108388.795 Thread 0x000001354637aeb0 nmethod 28442 0x00000135783cbe10 code [0x00000135783cbfa0, 0x00000135783cc068]
Event: 108388.825 Thread 0x000001354634ad90 28443       4       org.eclipse.jdt.core.dom.PrimitiveType::accept0 (37 bytes)
Event: 108388.957 Thread 0x000001354634ad90 nmethod 28443 0x0000013578598990 code [0x0000013578598b40, 0x0000013578598cf8]
Event: 110728.172 Thread 0x000001354637aeb0 28444       3       sun.nio.ch.IOStatus::okayToRetry (22 bytes)
Event: 110728.185 Thread 0x000001354637aeb0 nmethod 28444 0x0000013570a0ad10 code [0x0000013570a0aea0, 0x0000013570a0b020]
Event: 110728.267 Thread 0x000001354637aeb0 28445       1       java.lang.StackStreamFactory$StackFrameTraverser::characteristics (4 bytes)
Event: 110728.268 Thread 0x000001354637aeb0 nmethod 28445 0x00000135783d4410 code [0x00000135783d45a0, 0x00000135783d4668]
Event: 110728.269 Thread 0x000001354637aeb0 28446       1       java.lang.StackStreamFactory$FrameBuffer::startIndex (2 bytes)
Event: 110728.269 Thread 0x000001354637aeb0 nmethod 28446 0x00000135783d5b90 code [0x00000135783d5d20, 0x00000135783d5de8]
Event: 110728.270 Thread 0x000001354637aeb0 28447       1       java.lang.StackStreamFactory$StackFrameTraverser$StackFrameBuffer::frames (5 bytes)
Event: 110728.277 Thread 0x000001354637aeb0 nmethod 28447 0x00000135783da490 code [0x00000135783da620, 0x00000135783da6e8]
Event: 111282.828 Thread 0x000001354637aeb0 28448       3       java.util.HashMap$Values::spliterator (16 bytes)
Event: 111282.833 Thread 0x000001354637aeb0 nmethod 28448 0x0000013570c17e90 code [0x0000013570c18040, 0x0000013570c18208]
Event: 111282.834 Thread 0x000001354637aeb0 28449       3       java.util.HashMap$ValueSpliterator::<init> (12 bytes)
Event: 111282.835 Thread 0x000001354637aeb0 nmethod 28449 0x0000013570c1ef90 code [0x0000013570c1f140, 0x0000013570c1f330]

GC Heap History (20 events):
Event: 100541.582 GC heap before
{Heap before GC invocations=4814 (full 8):
 PSYoungGen      total 3072K, used 2229K [0x00000000d5580000, 0x00000000d5b00000, 0x0000000100000000)
  eden space 2560K, 77% used [0x00000000d5580000,0x00000000d576d478,0x00000000d5800000)
  from space 512K, 50% used [0x00000000d5a80000,0x00000000d5ac0000,0x00000000d5b00000)
  to   space 512K, 0% used [0x00000000d5a00000,0x00000000d5a00000,0x00000000d5a80000)
 ParOldGen       total 364544K, used 364438K [0x0000000080000000, 0x0000000096400000, 0x00000000d5580000)
  object space 364544K, 99% used [0x0000000080000000,0x00000000963e59e0,0x0000000096400000)
 Metaspace       used 94220K, committed 95872K, reserved 1179648K
  class space    used 9463K, committed 10240K, reserved 1048576K
}
Event: 100541.582 GC heap after
{Heap after GC invocations=4814 (full 8):
 PSYoungGen      total 3072K, used 288K [0x00000000d5580000, 0x00000000d5b00000, 0x0000000100000000)
  eden space 2560K, 0% used [0x00000000d5580000,0x00000000d5580000,0x00000000d5800000)
  from space 512K, 56% used [0x00000000d5a00000,0x00000000d5a48000,0x00000000d5a80000)
  to   space 512K, 0% used [0x00000000d5a80000,0x00000000d5a80000,0x00000000d5b00000)
 ParOldGen       total 364544K, used 364502K [0x0000000080000000, 0x0000000096400000, 0x00000000d5580000)
  object space 364544K, 99% used [0x0000000080000000,0x00000000963f59e0,0x0000000096400000)
 Metaspace       used 94220K, committed 95872K, reserved 1179648K
  class space    used 9463K, committed 10240K, reserved 1048576K
}
Event: 100541.752 GC heap before
{Heap before GC invocations=4815 (full 8):
 PSYoungGen      total 3072K, used 2848K [0x00000000d5580000, 0x00000000d5b00000, 0x0000000100000000)
  eden space 2560K, 100% used [0x00000000d5580000,0x00000000d5800000,0x00000000d5800000)
  from space 512K, 56% used [0x00000000d5a00000,0x00000000d5a48000,0x00000000d5a80000)
  to   space 512K, 0% used [0x00000000d5a80000,0x00000000d5a80000,0x00000000d5b00000)
 ParOldGen       total 364544K, used 364502K [0x0000000080000000, 0x0000000096400000, 0x00000000d5580000)
  object space 364544K, 99% used [0x0000000080000000,0x00000000963f59e0,0x0000000096400000)
 Metaspace       used 94220K, committed 95872K, reserved 1179648K
  class space    used 9463K, committed 10240K, reserved 1048576K
}
Event: 100541.753 GC heap after
{Heap after GC invocations=4815 (full 8):
 PSYoungGen      total 3072K, used 320K [0x00000000d5580000, 0x00000000d5b00000, 0x0000000100000000)
  eden space 2560K, 0% used [0x00000000d5580000,0x00000000d5580000,0x00000000d5800000)
  from space 512K, 62% used [0x00000000d5a80000,0x00000000d5ad0000,0x00000000d5b00000)
  to   space 512K, 0% used [0x00000000d5a00000,0x00000000d5a00000,0x00000000d5a80000)
 ParOldGen       total 365056K, used 364550K [0x0000000080000000, 0x0000000096480000, 0x00000000d5580000)
  object space 365056K, 99% used [0x0000000080000000,0x00000000964019e0,0x0000000096480000)
 Metaspace       used 94220K, committed 95872K, reserved 1179648K
  class space    used 9463K, committed 10240K, reserved 1048576K
}
Event: 100541.932 GC heap before
{Heap before GC invocations=4816 (full 8):
 PSYoungGen      total 3072K, used 2880K [0x00000000d5580000, 0x00000000d5b00000, 0x0000000100000000)
  eden space 2560K, 100% used [0x00000000d5580000,0x00000000d5800000,0x00000000d5800000)
  from space 512K, 62% used [0x00000000d5a80000,0x00000000d5ad0000,0x00000000d5b00000)
  to   space 512K, 0% used [0x00000000d5a00000,0x00000000d5a00000,0x00000000d5a80000)
 ParOldGen       total 365056K, used 364550K [0x0000000080000000, 0x0000000096480000, 0x00000000d5580000)
  object space 365056K, 99% used [0x0000000080000000,0x00000000964019e0,0x0000000096480000)
 Metaspace       used 94222K, committed 95872K, reserved 1179648K
  class space    used 9463K, committed 10240K, reserved 1048576K
}
Event: 100541.933 GC heap after
{Heap after GC invocations=4816 (full 8):
 PSYoungGen      total 3072K, used 400K [0x00000000d5580000, 0x00000000d5b00000, 0x0000000100000000)
  eden space 2560K, 0% used [0x00000000d5580000,0x00000000d5580000,0x00000000d5800000)
  from space 512K, 78% used [0x00000000d5a00000,0x00000000d5a64030,0x00000000d5a80000)
  to   space 512K, 0% used [0x00000000d5a80000,0x00000000d5a80000,0x00000000d5b00000)
 ParOldGen       total 365056K, used 364654K [0x0000000080000000, 0x0000000096480000, 0x00000000d5580000)
  object space 365056K, 99% used [0x0000000080000000,0x000000009641b9e0,0x0000000096480000)
 Metaspace       used 94222K, committed 95872K, reserved 1179648K
  class space    used 9463K, committed 10240K, reserved 1048576K
}
Event: 100909.667 GC heap before
{Heap before GC invocations=4817 (full 8):
 PSYoungGen      total 3072K, used 2960K [0x00000000d5580000, 0x00000000d5b00000, 0x0000000100000000)
  eden space 2560K, 100% used [0x00000000d5580000,0x00000000d5800000,0x00000000d5800000)
  from space 512K, 78% used [0x00000000d5a00000,0x00000000d5a64030,0x00000000d5a80000)
  to   space 512K, 0% used [0x00000000d5a80000,0x00000000d5a80000,0x00000000d5b00000)
 ParOldGen       total 365056K, used 364654K [0x0000000080000000, 0x0000000096480000, 0x00000000d5580000)
  object space 365056K, 99% used [0x0000000080000000,0x000000009641b9e0,0x0000000096480000)
 Metaspace       used 94222K, committed 95872K, reserved 1179648K
  class space    used 9463K, committed 10240K, reserved 1048576K
}
Event: 100909.671 GC heap after
{Heap after GC invocations=4817 (full 8):
 PSYoungGen      total 3072K, used 457K [0x00000000d5580000, 0x00000000d5b00000, 0x0000000100000000)
  eden space 2560K, 0% used [0x00000000d5580000,0x00000000d5580000,0x00000000d5800000)
  from space 512K, 89% used [0x00000000d5a80000,0x00000000d5af2420,0x00000000d5b00000)
  to   space 512K, 0% used [0x00000000d5a00000,0x00000000d5a00000,0x00000000d5a80000)
 ParOldGen       total 365056K, used 364910K [0x0000000080000000, 0x0000000096480000, 0x00000000d5580000)
  object space 365056K, 99% used [0x0000000080000000,0x000000009645ba50,0x0000000096480000)
 Metaspace       used 94222K, committed 95872K, reserved 1179648K
  class space    used 9463K, committed 10240K, reserved 1048576K
}
Event: 100909.682 GC heap before
{Heap before GC invocations=4818 (full 8):
 PSYoungGen      total 3072K, used 3017K [0x00000000d5580000, 0x00000000d5b00000, 0x0000000100000000)
  eden space 2560K, 100% used [0x00000000d5580000,0x00000000d5800000,0x00000000d5800000)
  from space 512K, 89% used [0x00000000d5a80000,0x00000000d5af2420,0x00000000d5b00000)
  to   space 512K, 0% used [0x00000000d5a00000,0x00000000d5a00000,0x00000000d5a80000)
 ParOldGen       total 365056K, used 364910K [0x0000000080000000, 0x0000000096480000, 0x00000000d5580000)
  object space 365056K, 99% used [0x0000000080000000,0x000000009645ba50,0x0000000096480000)
 Metaspace       used 94222K, committed 95872K, reserved 1179648K
  class space    used 9463K, committed 10240K, reserved 1048576K
}
Event: 100909.683 GC heap after
{Heap after GC invocations=4818 (full 8):
 PSYoungGen      total 3072K, used 448K [0x00000000d5580000, 0x00000000d5b00000, 0x0000000100000000)
  eden space 2560K, 0% used [0x00000000d5580000,0x00000000d5580000,0x00000000d5800000)
  from space 512K, 87% used [0x00000000d5a00000,0x00000000d5a70000,0x00000000d5a80000)
  to   space 512K, 0% used [0x00000000d5a80000,0x00000000d5a80000,0x00000000d5b00000)
 ParOldGen       total 365568K, used 365215K [0x0000000080000000, 0x0000000096500000, 0x00000000d5580000)
  object space 365568K, 99% used [0x0000000080000000,0x00000000964a7e80,0x0000000096500000)
 Metaspace       used 94222K, committed 95872K, reserved 1179648K
  class space    used 9463K, committed 10240K, reserved 1048576K
}
Event: 100909.730 GC heap before
{Heap before GC invocations=4819 (full 8):
 PSYoungGen      total 3072K, used 3008K [0x00000000d5580000, 0x00000000d5b00000, 0x0000000100000000)
  eden space 2560K, 100% used [0x00000000d5580000,0x00000000d5800000,0x00000000d5800000)
  from space 512K, 87% used [0x00000000d5a00000,0x00000000d5a70000,0x00000000d5a80000)
  to   space 512K, 0% used [0x00000000d5a80000,0x00000000d5a80000,0x00000000d5b00000)
 ParOldGen       total 365568K, used 365215K [0x0000000080000000, 0x0000000096500000, 0x00000000d5580000)
  object space 365568K, 99% used [0x0000000080000000,0x00000000964a7e80,0x0000000096500000)
 Metaspace       used 94222K, committed 95872K, reserved 1179648K
  class space    used 9463K, committed 10240K, reserved 1048576K
}
Event: 100909.732 GC heap after
{Heap after GC invocations=4819 (full 8):
 PSYoungGen      total 3072K, used 384K [0x00000000d5580000, 0x00000000d5b00000, 0x0000000100000000)
  eden space 2560K, 0% used [0x00000000d5580000,0x00000000d5580000,0x00000000d5800000)
  from space 512K, 75% used [0x00000000d5a80000,0x00000000d5ae0000,0x00000000d5b00000)
  to   space 512K, 0% used [0x00000000d5a00000,0x00000000d5a00000,0x00000000d5a80000)
 ParOldGen       total 365568K, used 365527K [0x0000000080000000, 0x0000000096500000, 0x00000000d5580000)
  object space 365568K, 99% used [0x0000000080000000,0x00000000964f5e80,0x0000000096500000)
 Metaspace       used 94222K, committed 95872K, reserved 1179648K
  class space    used 9463K, committed 10240K, reserved 1048576K
}
Event: 100911.529 GC heap before
{Heap before GC invocations=4820 (full 8):
 PSYoungGen      total 3072K, used 2944K [0x00000000d5580000, 0x00000000d5b00000, 0x0000000100000000)
  eden space 2560K, 100% used [0x00000000d5580000,0x00000000d5800000,0x00000000d5800000)
  from space 512K, 75% used [0x00000000d5a80000,0x00000000d5ae0000,0x00000000d5b00000)
  to   space 512K, 0% used [0x00000000d5a00000,0x00000000d5a00000,0x00000000d5a80000)
 ParOldGen       total 365568K, used 365527K [0x0000000080000000, 0x0000000096500000, 0x00000000d5580000)
  object space 365568K, 99% used [0x0000000080000000,0x00000000964f5e80,0x0000000096500000)
 Metaspace       used 94222K, committed 95872K, reserved 1179648K
  class space    used 9463K, committed 10240K, reserved 1048576K
}
Event: 100911.531 GC heap after
{Heap after GC invocations=4820 (full 8):
 PSYoungGen      total 3072K, used 320K [0x00000000d5580000, 0x00000000d5b00000, 0x0000000100000000)
  eden space 2560K, 0% used [0x00000000d5580000,0x00000000d5580000,0x00000000d5800000)
  from space 512K, 62% used [0x00000000d5a00000,0x00000000d5a50000,0x00000000d5a80000)
  to   space 512K, 0% used [0x00000000d5a80000,0x00000000d5a80000,0x00000000d5b00000)
 ParOldGen       total 366080K, used 365703K [0x0000000080000000, 0x0000000096580000, 0x00000000d5580000)
  object space 366080K, 99% used [0x0000000080000000,0x0000000096521e80,0x0000000096580000)
 Metaspace       used 94222K, committed 95872K, reserved 1179648K
  class space    used 9463K, committed 10240K, reserved 1048576K
}
Event: 106025.335 GC heap before
{Heap before GC invocations=4821 (full 8):
 PSYoungGen      total 3072K, used 2880K [0x00000000d5580000, 0x00000000d5b00000, 0x0000000100000000)
  eden space 2560K, 100% used [0x00000000d5580000,0x00000000d5800000,0x00000000d5800000)
  from space 512K, 62% used [0x00000000d5a00000,0x00000000d5a50000,0x00000000d5a80000)
  to   space 512K, 0% used [0x00000000d5a80000,0x00000000d5a80000,0x00000000d5b00000)
 ParOldGen       total 366080K, used 365703K [0x0000000080000000, 0x0000000096580000, 0x00000000d5580000)
  object space 366080K, 99% used [0x0000000080000000,0x0000000096521e80,0x0000000096580000)
 Metaspace       used 94222K, committed 95872K, reserved 1179648K
  class space    used 9463K, committed 10240K, reserved 1048576K
}
Event: 106025.399 GC heap after
{Heap after GC invocations=4821 (full 8):
 PSYoungGen      total 3072K, used 256K [0x00000000d5580000, 0x00000000d5b00000, 0x0000000100000000)
  eden space 2560K, 0% used [0x00000000d5580000,0x00000000d5580000,0x00000000d5800000)
  from space 512K, 50% used [0x00000000d5a80000,0x00000000d5ac0000,0x00000000d5b00000)
  to   space 512K, 0% used [0x00000000d5a00000,0x00000000d5a00000,0x00000000d5a80000)
 ParOldGen       total 366080K, used 365879K [0x0000000080000000, 0x0000000096580000, 0x00000000d5580000)
  object space 366080K, 99% used [0x0000000080000000,0x000000009654de80,0x0000000096580000)
 Metaspace       used 94222K, committed 95872K, reserved 1179648K
  class space    used 9463K, committed 10240K, reserved 1048576K
}
Event: 108388.827 GC heap before
{Heap before GC invocations=4822 (full 8):
 PSYoungGen      total 3072K, used 2816K [0x00000000d5580000, 0x00000000d5b00000, 0x0000000100000000)
  eden space 2560K, 100% used [0x00000000d5580000,0x00000000d5800000,0x00000000d5800000)
  from space 512K, 50% used [0x00000000d5a80000,0x00000000d5ac0000,0x00000000d5b00000)
  to   space 512K, 0% used [0x00000000d5a00000,0x00000000d5a00000,0x00000000d5a80000)
 ParOldGen       total 366080K, used 365879K [0x0000000080000000, 0x0000000096580000, 0x00000000d5580000)
  object space 366080K, 99% used [0x0000000080000000,0x000000009654de80,0x0000000096580000)
 Metaspace       used 94223K, committed 95872K, reserved 1179648K
  class space    used 9463K, committed 10240K, reserved 1048576K
}
Event: 108388.916 GC heap after
{Heap after GC invocations=4822 (full 8):
 PSYoungGen      total 3072K, used 288K [0x00000000d5580000, 0x00000000d5b00000, 0x0000000100000000)
  eden space 2560K, 0% used [0x00000000d5580000,0x00000000d5580000,0x00000000d5800000)
  from space 512K, 56% used [0x00000000d5a00000,0x00000000d5a48000,0x00000000d5a80000)
  to   space 512K, 0% used [0x00000000d5a80000,0x00000000d5a80000,0x00000000d5b00000)
 ParOldGen       total 366080K, used 365879K [0x0000000080000000, 0x0000000096580000, 0x00000000d5580000)
  object space 366080K, 99% used [0x0000000080000000,0x000000009654de80,0x0000000096580000)
 Metaspace       used 94223K, committed 95872K, reserved 1179648K
  class space    used 9463K, committed 10240K, reserved 1048576K
}
Event: 110300.018 GC heap before
{Heap before GC invocations=4823 (full 8):
 PSYoungGen      total 3072K, used 2846K [0x00000000d5580000, 0x00000000d5b00000, 0x0000000100000000)
  eden space 2560K, 99% used [0x00000000d5580000,0x00000000d57ff990,0x00000000d5800000)
  from space 512K, 56% used [0x00000000d5a00000,0x00000000d5a48000,0x00000000d5a80000)
  to   space 512K, 0% used [0x00000000d5a80000,0x00000000d5a80000,0x00000000d5b00000)
 ParOldGen       total 366080K, used 365879K [0x0000000080000000, 0x0000000096580000, 0x00000000d5580000)
  object space 366080K, 99% used [0x0000000080000000,0x000000009654de80,0x0000000096580000)
 Metaspace       used 94223K, committed 95872K, reserved 1179648K
  class space    used 9463K, committed 10240K, reserved 1048576K
}
Event: 110300.071 GC heap after
{Heap after GC invocations=4823 (full 8):
 PSYoungGen      total 3072K, used 192K [0x00000000d5580000, 0x00000000d5b00000, 0x0000000100000000)
  eden space 2560K, 0% used [0x00000000d5580000,0x00000000d5580000,0x00000000d5800000)
  from space 512K, 37% used [0x00000000d5a80000,0x00000000d5ab0000,0x00000000d5b00000)
  to   space 512K, 0% used [0x00000000d5a00000,0x00000000d5a00000,0x00000000d5a80000)
 ParOldGen       total 366080K, used 365879K [0x0000000080000000, 0x0000000096580000, 0x00000000d5580000)
  object space 366080K, 99% used [0x0000000080000000,0x000000009654de80,0x0000000096580000)
 Metaspace       used 94223K, committed 95872K, reserved 1179648K
  class space    used 9463K, committed 10240K, reserved 1048576K
}

Dll operation events (12 events):
Event: 0.035 Loaded shared library c:\Users\g.fokou.tamafo\.vscode\extensions\redhat.java-1.54.0-win32-x64\jre\21.0.10-win32-x86_64\bin\java.dll
Event: 0.175 Loaded shared library c:\Users\g.fokou.tamafo\.vscode\extensions\redhat.java-1.54.0-win32-x64\jre\21.0.10-win32-x86_64\bin\zip.dll
Event: 0.221 Loaded shared library C:\Users\g.fokou.tamafo\.vscode\extensions\redhat.java-1.54.0-win32-x64\jre\21.0.10-win32-x86_64\bin\instrument.dll
Event: 0.235 Loaded shared library C:\Users\g.fokou.tamafo\.vscode\extensions\redhat.java-1.54.0-win32-x64\jre\21.0.10-win32-x86_64\bin\net.dll
Event: 0.245 Loaded shared library C:\Users\g.fokou.tamafo\.vscode\extensions\redhat.java-1.54.0-win32-x64\jre\21.0.10-win32-x86_64\bin\nio.dll
Event: 0.254 Loaded shared library C:\Users\g.fokou.tamafo\.vscode\extensions\redhat.java-1.54.0-win32-x64\jre\21.0.10-win32-x86_64\bin\zip.dll
Event: 0.298 Loaded shared library C:\Users\g.fokou.tamafo\.vscode\extensions\redhat.java-1.54.0-win32-x64\jre\21.0.10-win32-x86_64\bin\jimage.dll
Event: 0.528 Loaded shared library c:\Users\g.fokou.tamafo\.vscode\extensions\redhat.java-1.54.0-win32-x64\jre\21.0.10-win32-x86_64\bin\verify.dll
Event: 22.889 Loaded shared library C:\Users\g.fokou.tamafo\AppData\Roaming\Code\User\globalStorage\redhat.java\1.54.0\config_win\org.eclipse.equinox.launcher\org.eclipse.equinox.launcher.win32.win32.x86_64_1.3.0.v20260203-2149\eclipse_11919.dll
Event: 82.862 Loaded shared library C:\Users\g.fokou.tamafo\AppData\Local\Temp\jna--2032445961\jna13247827502222582253.dll
Event: 88.571 Loaded shared library C:\Users\g.fokou.tamafo\.vscode\extensions\redhat.java-1.54.0-win32-x64\jre\21.0.10-win32-x86_64\bin\sunmscapi.dll
Event: 91.315 Loaded shared library C:\Users\g.fokou.tamafo\.vscode\extensions\redhat.java-1.54.0-win32-x64\jre\21.0.10-win32-x86_64\bin\extnet.dll

Deoptimization events (20 events):
Event: 100486.676 Thread 0x000001354cb61840 Uncommon trap: trap_request=0xffffffc6 fr.pc=0x000001357a478e34 relative=0x00000000000043f4
Event: 100486.676 Thread 0x000001354cb61840 Uncommon trap: reason=bimorphic_or_optimized_type_check action=maybe_recompile pc=0x000001357a478e34 method=org.eclipse.jdt.internal.core.BinaryType.resolved(Lorg/eclipse/jdt/internal/compiler/lookup/Binding;)Lorg/eclipse/jdt/internal/core/ResolvedBinaryT
Event: 100486.676 Thread 0x000001354cb61840 DEOPT PACKING pc=0x000001357a478e34 sp=0x0000002d3bdfe860
Event: 100486.676 Thread 0x000001354cb61840 DEOPT UNPACKING pc=0x0000013577de3aa2 sp=0x0000002d3bdfe6a0 mode 2
Event: 100486.676 Thread 0x000001354cb61840 Uncommon trap: trap_request=0xffffff45 fr.pc=0x000001357a487f74 relative=0x0000000000000854
Event: 100486.676 Thread 0x000001354cb61840 Uncommon trap: reason=unstable_if action=reinterpret pc=0x000001357a487f74 method=org.eclipse.jdt.ls.core.internal.handlers.InlayHintVisitor.hasNumberedParameterPattern([Ljava/lang/String;)Z @ 34 c2
Event: 100486.676 Thread 0x000001354cb61840 DEOPT PACKING pc=0x000001357a487f74 sp=0x0000002d3bdfe8e0
Event: 100486.676 Thread 0x000001354cb61840 DEOPT UNPACKING pc=0x0000013577de3aa2 sp=0x0000002d3bdfe878 mode 2
Event: 100496.539 Thread 0x000001355150fb80 Uncommon trap: trap_request=0xffffffc6 fr.pc=0x0000013578f33570 relative=0x00000000000025f0
Event: 100496.539 Thread 0x000001355150fb80 Uncommon trap: reason=bimorphic_or_optimized_type_check action=maybe_recompile pc=0x0000013578f33570 method=org.eclipse.jdt.core.search.SearchPattern.findIndexMatches(Lorg/eclipse/jdt/internal/core/index/Index;Lorg/eclipse/jdt/internal/core/search/IndexQu
Event: 100496.539 Thread 0x000001355150fb80 DEOPT PACKING pc=0x0000013578f33570 sp=0x0000002d3a4fe490
Event: 100496.539 Thread 0x000001355150fb80 DEOPT UNPACKING pc=0x0000013577de3aa2 sp=0x0000002d3a4fe450 mode 2
Event: 100497.018 Thread 0x000001354e23fc80 Uncommon trap: trap_request=0xffffffbe fr.pc=0x0000013579fab8b8 relative=0x0000000000000498
Event: 100497.018 Thread 0x000001354e23fc80 Uncommon trap: reason=profile_predicate action=maybe_recompile pc=0x0000013579fab8b8 method=java.util.concurrent.ThreadPoolExecutor.runWorker(Ljava/util/concurrent/ThreadPoolExecutor$Worker;)V @ 21 c2
Event: 100497.018 Thread 0x000001354e23fc80 DEOPT PACKING pc=0x0000013579fab8b8 sp=0x0000002d3a0ff520
Event: 100497.018 Thread 0x000001354e23fc80 DEOPT UNPACKING pc=0x0000013577de3aa2 sp=0x0000002d3a0ff4a8 mode 2
Event: 100541.489 Thread 0x000001355150fb80 Uncommon trap: trap_request=0xffffffc6 fr.pc=0x0000013578f33570 relative=0x00000000000025f0
Event: 100541.489 Thread 0x000001355150fb80 Uncommon trap: reason=bimorphic_or_optimized_type_check action=maybe_recompile pc=0x0000013578f33570 method=org.eclipse.jdt.core.search.SearchPattern.findIndexMatches(Lorg/eclipse/jdt/internal/core/index/Index;Lorg/eclipse/jdt/internal/core/search/IndexQu
Event: 100541.489 Thread 0x000001355150fb80 DEOPT PACKING pc=0x0000013578f33570 sp=0x0000002d3a4fe490
Event: 100541.489 Thread 0x000001355150fb80 DEOPT UNPACKING pc=0x0000013577de3aa2 sp=0x0000002d3a4fe450 mode 2

Classes loaded (20 events):
Event: 24481.477 Loading class jdk/internal/module/IllegalAccessLogger
Event: 24481.477 Loading class jdk/internal/module/IllegalAccessLogger done
Event: 27849.267 Loading class jdk/internal/module/IllegalAccessLogger
Event: 27849.268 Loading class jdk/internal/module/IllegalAccessLogger done
Event: 99416.717 Loading class java/util/stream/ReferencePipeline$15
Event: 99416.719 Loading class java/util/stream/ReferencePipeline$15 done
Event: 99416.723 Loading class java/util/stream/ReferencePipeline$15$1
Event: 99416.724 Loading class java/util/stream/ReferencePipeline$15$1 done
Event: 99977.548 Loading class jdk/internal/icu/text/NormalizerBase$NFCModeImpl
Event: 99977.548 Loading class jdk/internal/icu/text/NormalizerBase$NFCModeImpl done
Event: 99977.548 Loading class jdk/internal/icu/impl/Norm2AllModes$NFCSingleton
Event: 99977.549 Loading class jdk/internal/icu/impl/Norm2AllModes$NFCSingleton done
Event: 100223.548 Loading class jdk/internal/module/IllegalAccessLogger
Event: 100223.549 Loading class jdk/internal/module/IllegalAccessLogger done
Event: 100241.597 Loading class jdk/internal/module/IllegalAccessLogger
Event: 100241.597 Loading class jdk/internal/module/IllegalAccessLogger done
Event: 100252.336 Loading class jdk/internal/module/IllegalAccessLogger
Event: 100252.336 Loading class jdk/internal/module/IllegalAccessLogger done
Event: 100261.697 Loading class jdk/internal/module/IllegalAccessLogger
Event: 100261.697 Loading class jdk/internal/module/IllegalAccessLogger done

Classes unloaded (20 events):
Event: 99975.012 Thread 0x00000135451e4b20 Unloading class 0x0000013505175000 'jdk/internal/reflect/GeneratedSerializationConstructorAccessor42'
Event: 99975.012 Thread 0x00000135451e4b20 Unloading class 0x0000013505178000 'jdk/internal/reflect/GeneratedSerializationConstructorAccessor41'
Event: 99975.012 Thread 0x00000135451e4b20 Unloading class 0x0000013505220400 'jdk/internal/reflect/GeneratedSerializationConstructorAccessor40'
Event: 99975.012 Thread 0x00000135451e4b20 Unloading class 0x0000013505290400 'jdk/internal/reflect/GeneratedSerializationConstructorAccessor39'
Event: 99975.012 Thread 0x00000135451e4b20 Unloading class 0x0000013505294000 'jdk/internal/reflect/GeneratedSerializationConstructorAccessor38'
Event: 99975.012 Thread 0x00000135451e4b20 Unloading class 0x0000013505294800 'jdk/internal/reflect/GeneratedSerializationConstructorAccessor37'
Event: 99975.012 Thread 0x00000135451e4b20 Unloading class 0x000001350529dc00 'jdk/internal/reflect/GeneratedSerializationConstructorAccessor36'
Event: 99975.012 Thread 0x00000135451e4b20 Unloading class 0x00000135052a0c00 'jdk/internal/reflect/GeneratedSerializationConstructorAccessor35'
Event: 99975.012 Thread 0x00000135451e4b20 Unloading class 0x00000135052a4000 'jdk/internal/reflect/GeneratedSerializationConstructorAccessor34'
Event: 99975.012 Thread 0x00000135451e4b20 Unloading class 0x00000135052aa800 'java/lang/invoke/LambdaForm$MH+0x00000135052aa800'
Event: 99975.012 Thread 0x00000135451e4b20 Unloading class 0x0000013505548800 'java/lang/invoke/LambdaForm$MH+0x0000013505548800'
Event: 99975.012 Thread 0x00000135451e4b20 Unloading class 0x0000013505785400 'java/lang/invoke/LambdaForm$MH+0x0000013505785400'
Event: 99975.012 Thread 0x00000135451e4b20 Unloading class 0x00000135057bc800 'java/lang/invoke/LambdaForm$MH+0x00000135057bc800'
Event: 99975.012 Thread 0x00000135451e4b20 Unloading class 0x00000135058d4000 'java/lang/invoke/LambdaForm$MH+0x00000135058d4000'
Event: 99975.013 Thread 0x00000135451e4b20 Unloading class 0x00000135058fb000 'java/lang/invoke/LambdaForm$DMH+0x00000135058fb000'
Event: 99975.013 Thread 0x00000135451e4b20 Unloading class 0x00000135058fac00 'java/lang/invoke/LambdaForm$DMH+0x00000135058fac00'
Event: 99975.013 Thread 0x00000135451e4b20 Unloading class 0x00000135058fa800 'java/lang/invoke/LambdaForm$DMH+0x00000135058fa800'
Event: 99975.013 Thread 0x00000135451e4b20 Unloading class 0x00000135058fa400 'java/lang/invoke/LambdaForm$DMH+0x00000135058fa400'
Event: 99975.013 Thread 0x00000135451e4b20 Unloading class 0x00000135058fa000 'java/lang/invoke/LambdaForm$DMH+0x00000135058fa000'
Event: 99975.013 Thread 0x00000135451e4b20 Unloading class 0x00000135058f9c00 'java/lang/invoke/LambdaForm$DMH+0x00000135058f9c00'

Classes redefined (0 events):
No events

Internal exceptions (20 events):
Event: 100496.558 Thread 0x000001355150fb80 Exception <a 'sun/nio/fs/WindowsException'{0x00000000d5648390}> (0x00000000d5648390) 
thrown [s\src\hotspot\share\prims\jni.cpp, line 520]
Event: 100496.559 Thread 0x000001355150fb80 Exception <a 'sun/nio/fs/WindowsException'{0x00000000d5648c58}> (0x00000000d5648c58) 
thrown [s\src\hotspot\share\prims\jni.cpp, line 520]
Event: 100497.033 Thread 0x000001354e23fc80 Exception <a 'sun/nio/fs/WindowsException'{0x00000000d57dceb0}> (0x00000000d57dceb0) 
thrown [s\src\hotspot\share\prims\jni.cpp, line 520]
Event: 100497.034 Thread 0x000001354e23fc80 Exception <a 'sun/nio/fs/WindowsException'{0x00000000d57dd548}> (0x00000000d57dd548) 
thrown [s\src\hotspot\share\prims\jni.cpp, line 520]
Event: 100522.206 Thread 0x000001354cb63fa0 Exception <a 'sun/nio/fs/WindowsException'{0x00000000d5614d38}> (0x00000000d5614d38) 
thrown [s\src\hotspot\share\prims\jni.cpp, line 520]
Event: 100522.206 Thread 0x000001354cb63fa0 Exception <a 'sun/nio/fs/WindowsException'{0x00000000d5615840}> (0x00000000d5615840) 
thrown [s\src\hotspot\share\prims\jni.cpp, line 520]
Event: 100522.244 Thread 0x000001354cb63fa0 Exception <a 'java/lang/NoSuchMethodError'{0x00000000d57f9c48}: static Lorg/eclipse/m2e/core/internal/lifecyclemapping/model/PluginExecutionMetadata;.<clinit>()V> (0x00000000d57f9c48) 
thrown [s\src\hotspot\share\prims\jni.cpp, line 1111]
Event: 100522.249 Thread 0x000001354cb63fa0 Exception <a 'java/lang/NoSuchMethodError'{0x00000000d559e108}: static Lorg/eclipse/m2e/core/internal/lifecyclemapping/model/PluginExecutionFilter;.<clinit>()V> (0x00000000d559e108) 
thrown [s\src\hotspot\share\prims\jni.cpp, line 1111]
Event: 100522.250 Thread 0x000001354cb63fa0 Exception <a 'java/lang/NoSuchMethodError'{0x00000000d55b3248}: static Lorg/eclipse/m2e/core/internal/project/registry/MavenProjectFacade$MavenProjectConfiguration;.<clinit>()V> (0x00000000d55b3248) 
thrown [s\src\hotspot\share\prims\jni.cpp, line 1111]
Event: 100522.252 Thread 0x000001354cb63fa0 Exception <a 'java/lang/NoSuchMethodError'{0x00000000d55cf760}: static [J.<clinit>()V> (0x00000000d55cf760) 
thrown [s\src\hotspot\share\prims\jni.cpp, line 1111]
Event: 100541.493 Thread 0x000001355150fb80 Exception <a 'sun/nio/fs/WindowsException'{0x00000000d56da3e8}> (0x00000000d56da3e8) 
thrown [s\src\hotspot\share\prims\jni.cpp, line 520]
Event: 100541.493 Thread 0x000001355150fb80 Exception <a 'sun/nio/fs/WindowsException'{0x00000000d56dacb0}> (0x00000000d56dacb0) 
thrown [s\src\hotspot\share\prims\jni.cpp, line 520]
Event: 100541.493 Thread 0x000001355150fb80 Exception <a 'sun/nio/fs/WindowsException'{0x00000000d56db9c8}> (0x00000000d56db9c8) 
thrown [s\src\hotspot\share\prims\jni.cpp, line 520]
Event: 100541.493 Thread 0x000001355150fb80 Exception <a 'sun/nio/fs/WindowsException'{0x00000000d56dc290}> (0x00000000d56dc290) 
thrown [s\src\hotspot\share\prims\jni.cpp, line 520]
Event: 100541.494 Thread 0x000001355150fb80 Exception <a 'sun/nio/fs/WindowsException'{0x00000000d56dd9e8}> (0x00000000d56dd9e8) 
thrown [s\src\hotspot\share\prims\jni.cpp, line 520]
Event: 100541.494 Thread 0x000001355150fb80 Exception <a 'sun/nio/fs/WindowsException'{0x00000000d56de000}> (0x00000000d56de000) 
thrown [s\src\hotspot\share\prims\jni.cpp, line 520]
Event: 100541.498 Thread 0x000001355150fb80 Exception <a 'sun/nio/fs/WindowsException'{0x00000000d56fee38}> (0x00000000d56fee38) 
thrown [s\src\hotspot\share\prims\jni.cpp, line 520]
Event: 100541.498 Thread 0x000001355150fb80 Exception <a 'sun/nio/fs/WindowsException'{0x00000000d56ff700}> (0x00000000d56ff700) 
thrown [s\src\hotspot\share\prims\jni.cpp, line 520]
Event: 100541.921 Thread 0x000001354e23fc80 Exception <a 'sun/nio/fs/WindowsException'{0x00000000d57ef438}> (0x00000000d57ef438) 
thrown [s\src\hotspot\share\prims\jni.cpp, line 520]
Event: 100541.921 Thread 0x000001354e23fc80 Exception <a 'sun/nio/fs/WindowsException'{0x00000000d57efad0}> (0x00000000d57efad0) 
thrown [s\src\hotspot\share\prims\jni.cpp, line 520]

ZGC Phase Switch (0 events):
No events

VM Operations (20 events):
Event: 107088.813 Executing non-safepoint VM operation: HandshakeAllThreads (HandshakeForDeflation)
Event: 107088.814 Executing non-safepoint VM operation: HandshakeAllThreads (HandshakeForDeflation) done
Event: 107088.814 Executing non-safepoint VM operation: RendezvousGCThreads
Event: 107088.814 Executing non-safepoint VM operation: RendezvousGCThreads done
Event: 107991.130 Executing non-safepoint VM operation: HandshakeAllThreads (HandshakeForDeflation)
Event: 107991.131 Executing non-safepoint VM operation: HandshakeAllThreads (HandshakeForDeflation) done
Event: 107991.131 Executing non-safepoint VM operation: RendezvousGCThreads
Event: 107991.131 Executing non-safepoint VM operation: RendezvousGCThreads done
Event: 108388.825 Executing safepoint VM operation: ParallelGCFailedAllocation (Allocation Failure)
Event: 108388.916 Executing safepoint VM operation: ParallelGCFailedAllocation (Allocation Failure) done
Event: 108892.858 Executing non-safepoint VM operation: HandshakeAllThreads (HandshakeForDeflation)
Event: 108892.859 Executing non-safepoint VM operation: HandshakeAllThreads (HandshakeForDeflation) done
Event: 108892.859 Executing non-safepoint VM operation: RendezvousGCThreads
Event: 108892.859 Executing non-safepoint VM operation: RendezvousGCThreads done
Event: 110300.017 Executing safepoint VM operation: ParallelGCFailedAllocation (Allocation Failure)
Event: 110300.071 Executing safepoint VM operation: ParallelGCFailedAllocation (Allocation Failure) done
Event: 110696.960 Executing non-safepoint VM operation: HandshakeAllThreads (HandshakeForDeflation)
Event: 110696.961 Executing non-safepoint VM operation: HandshakeAllThreads (HandshakeForDeflation) done
Event: 110696.961 Executing non-safepoint VM operation: RendezvousGCThreads
Event: 110696.961 Executing non-safepoint VM operation: RendezvousGCThreads done

Memory protections (0 events):
No events

Nmethod flushes (20 events):
Event: 100251.990 Thread 0x00000135451e4b20 flushing  nmethod 0x00000135737ea090
Event: 100251.990 Thread 0x00000135451e4b20 flushing  nmethod 0x00000135737ea390
Event: 100251.990 Thread 0x00000135451e4b20 flushing  nmethod 0x00000135737f6710
Event: 100251.990 Thread 0x00000135451e4b20 flushing  nmethod 0x00000135737f7010
Event: 100251.990 Thread 0x00000135451e4b20 flushing  nmethod 0x00000135737f9790
Event: 100251.990 Thread 0x00000135451e4b20 flushing  nmethod 0x00000135737faf90
Event: 100251.990 Thread 0x00000135451e4b20 flushing  nmethod 0x00000135737fb410
Event: 100251.990 Thread 0x00000135451e4b20 flushing  nmethod 0x00000135737fbf90
Event: 100251.990 Thread 0x00000135451e4b20 flushing  nmethod 0x00000135737fd410
Event: 100251.990 Thread 0x00000135451e4b20 flushing  nmethod 0x0000013573801110
Event: 100251.990 Thread 0x00000135451e4b20 flushing  nmethod 0x0000013573801d90
Event: 100251.990 Thread 0x00000135451e4b20 flushing  nmethod 0x0000013573802b10
Event: 100251.990 Thread 0x00000135451e4b20 flushing  nmethod 0x000001357380ab10
Event: 100251.990 Thread 0x00000135451e4b20 flushing  nmethod 0x000001357380e610
Event: 100251.990 Thread 0x00000135451e4b20 flushing  nmethod 0x0000013573812b90
Event: 100251.990 Thread 0x00000135451e4b20 flushing  nmethod 0x0000013573814b10
Event: 100251.990 Thread 0x00000135451e4b20 flushing  nmethod 0x0000013573815510
Event: 100251.990 Thread 0x00000135451e4b20 flushing osr nmethod 0x000001357381f810
Event: 100251.990 Thread 0x00000135451e4b20 flushing  nmethod 0x000001357382f090
Event: 100251.990 Thread 0x00000135451e4b20 flushing  nmethod 0x0000013573834310

Events (20 events):
Event: 109782.301 Thread 0x000001354e23ef60 Thread exited: 0x000001354e23ef60
Event: 109802.201 Thread 0x000001354e3fbde0 Thread added: 0x000001354e240310
Event: 109864.297 Thread 0x000001354e240310 Thread exited: 0x000001354e240310
Event: 110272.419 Thread 0x000001354e3fbde0 Thread added: 0x000001354e23dbb0
Event: 110360.086 Thread 0x000001354e23dbb0 Thread exited: 0x000001354e23dbb0
Event: 110626.505 Thread 0x000001354e3fbde0 Thread added: 0x000001354e23d520
Event: 110686.516 Thread 0x000001354e23d520 Thread exited: 0x000001354e23d520
Event: 110702.968 Thread 0x000001354e400ca0 Thread added: 0x000001354e23dbb0
Event: 110702.973 Thread 0x000001354e23dbb0 Thread added: 0x000001354e23ef60
Event: 110728.279 Thread 0x000001354e23fc80 Thread exited: 0x000001354e23fc80
Event: 110758.341 Thread 0x000001354e3ff260 Thread exited: 0x000001354e3ff260
Event: 110762.992 Thread 0x000001354e400ca0 Thread exited: 0x000001354e400ca0
Event: 110788.245 Thread 0x000001354e23dbb0 Thread exited: 0x000001354e23dbb0
Event: 110866.108 Thread 0x000001354e23ef60 Thread exited: 0x000001354e23ef60
Event: 111109.074 Thread 0x000001354e3fbde0 Thread added: 0x000001354e23ef60
Event: 111112.314 Thread 0x000001354e3fbde0 Thread added: 0x000001354e23dbb0
Event: 111172.337 Thread 0x000001354e23dbb0 Thread exited: 0x000001354e23dbb0
Event: 111232.342 Thread 0x000001354e23ef60 Thread exited: 0x000001354e23ef60
Event: 111282.826 Thread 0x000001354e3fbde0 Thread added: 0x000001354e23fc80
Event: 111342.929 Thread 0x000001354e23fc80 Thread exited: 0x000001354e23fc80


Dynamic libraries:
0x00007ff6d5db0000 - 0x00007ff6d5dbe000 	c:\Users\g.fokou.tamafo\.vscode\extensions\redhat.java-1.54.0-win32-x64\jre\21.0.10-win32-x86_64\bin\java.exe
0x00007ff986ea0000 - 0x00007ff987106000 	C:\WINDOWS\SYSTEM32\ntdll.dll
0x00007ff985530000 - 0x00007ff9855f9000 	C:\WINDOWS\System32\KERNEL32.DLL
0x00007ff9845e0000 - 0x00007ff9849da000 	C:\WINDOWS\System32\KERNELBASE.dll
0x00007ff984310000 - 0x00007ff98445c000 	C:\WINDOWS\System32\ucrtbase.dll
0x00007ff97dab0000 - 0x00007ff97dac8000 	c:\Users\g.fokou.tamafo\.vscode\extensions\redhat.java-1.54.0-win32-x64\jre\21.0.10-win32-x86_64\bin\jli.dll
0x00007ff986c90000 - 0x00007ff986e57000 	C:\WINDOWS\System32\USER32.dll
0x00007ff97d9f0000 - 0x00007ff97da0e000 	c:\Users\g.fokou.tamafo\.vscode\extensions\redhat.java-1.54.0-win32-x64\jre\21.0.10-win32-x86_64\bin\VCRUNTIME140.dll
0x00007ff9849e0000 - 0x00007ff984a07000 	C:\WINDOWS\System32\win32u.dll
0x00007ff985d80000 - 0x00007ff985dab000 	C:\WINDOWS\System32\GDI32.dll
0x00007ff9841e0000 - 0x00007ff98430b000 	C:\WINDOWS\System32\gdi32full.dll
0x00007ff984aa0000 - 0x00007ff984b43000 	C:\WINDOWS\System32\msvcp_win.dll
0x00007ff95d710000 - 0x00007ff95d9a2000 	C:\WINDOWS\WinSxS\amd64_microsoft.windows.common-controls_6595b64144ccf1df_6.0.26100.8521_none_3e08b75ce33403b3\COMCTL32.dll
0x00007ff9862f0000 - 0x00007ff986399000 	C:\WINDOWS\System32\msvcrt.dll
0x00007ff985bb0000 - 0x00007ff985be2000 	C:\WINDOWS\System32\IMM32.DLL
0x00007ff983e10000 - 0x00007ff983f69000 	C:\Program Files\Avecto\Privilege Guard Client\PGHook.dll
0x00007ff985ed0000 - 0x00007ff985f86000 	C:\WINDOWS\System32\ADVAPI32.dll
0x00007ff986b50000 - 0x00007ff986bfa000 	C:\WINDOWS\System32\sechost.dll
0x00007ff985db0000 - 0x00007ff985ec8000 	C:\WINDOWS\System32\RPCRT4.dll
0x0000000074290000 - 0x0000000074301000 	C:\WINDOWS\System32\QIPCAP64.dll
0x00007ff9863c0000 - 0x00007ff986b44000 	C:\WINDOWS\System32\SHELL32.dll
0x00007ff985f90000 - 0x00007ff986069000 	C:\WINDOWS\System32\OLEAUT32.dll
0x00007ff984c10000 - 0x00007ff984f93000 	C:\WINDOWS\System32\combase.dll
0x00007ff982110000 - 0x00007ff98225a000 	C:\WINDOWS\SYSTEM32\DNSAPI.dll
0x00007ff983040000 - 0x00007ff98304d000 	C:\WINDOWS\SYSTEM32\DSPARSE.dll
0x00007ff9820d0000 - 0x00007ff982103000 	C:\WINDOWS\SYSTEM32\IPHLPAPI.DLL
0x00007ff986c00000 - 0x00007ff986c0a000 	C:\WINDOWS\System32\NSI.dll
0x00007ff97df00000 - 0x00007ff97df0c000 	c:\Users\g.fokou.tamafo\.vscode\extensions\redhat.java-1.54.0-win32-x64\jre\21.0.10-win32-x86_64\bin\vcruntime140_1.dll
0x00007ff96f980000 - 0x00007ff96fa0d000 	c:\Users\g.fokou.tamafo\.vscode\extensions\redhat.java-1.54.0-win32-x64\jre\21.0.10-win32-x86_64\bin\msvcp140.dll
0x00007ff8b6e50000 - 0x00007ff8b7bf1000 	c:\Users\g.fokou.tamafo\.vscode\extensions\redhat.java-1.54.0-win32-x64\jre\21.0.10-win32-x86_64\bin\server\jvm.dll
0x00007ff986070000 - 0x00007ff9860f0000 	C:\WINDOWS\System32\WS2_32.dll
0x00007ff983f90000 - 0x00007ff983fee000 	C:\WINDOWS\SYSTEM32\POWRPROF.dll
0x00007ff979e40000 - 0x00007ff979e76000 	C:\WINDOWS\SYSTEM32\WINMM.dll
0x00007ff982780000 - 0x00007ff98278b000 	C:\WINDOWS\SYSTEM32\VERSION.dll
0x00007ff983f70000 - 0x00007ff983f84000 	C:\WINDOWS\SYSTEM32\UMPDC.dll
0x00007ff982bf0000 - 0x00007ff982c0b000 	C:\WINDOWS\SYSTEM32\kernel.appcore.dll
0x00007ff97dec0000 - 0x00007ff97deca000 	c:\Users\g.fokou.tamafo\.vscode\extensions\redhat.java-1.54.0-win32-x64\jre\21.0.10-win32-x86_64\bin\jimage.dll
0x00007ff980890000 - 0x00007ff980ad2000 	C:\WINDOWS\SYSTEM32\DBGHELP.DLL
0x00007ff956d30000 - 0x00007ff956d6b000 	C:\WINDOWS\SYSTEM32\dbgcore.DLL
0x00007ff984130000 - 0x00007ff9841d8000 	C:\WINDOWS\System32\bcryptPrimitives.dll
0x00007ff97d4e0000 - 0x00007ff97d4ef000 	c:\Users\g.fokou.tamafo\.vscode\extensions\redhat.java-1.54.0-win32-x64\jre\21.0.10-win32-x86_64\bin\instrument.dll
0x00007ff971550000 - 0x00007ff971570000 	c:\Users\g.fokou.tamafo\.vscode\extensions\redhat.java-1.54.0-win32-x64\jre\21.0.10-win32-x86_64\bin\java.dll
0x00007ff981150000 - 0x00007ff9819d0000 	C:\WINDOWS\SYSTEM32\windows.storage.dll
0x00007ff984fa0000 - 0x00007ff985096000 	C:\WINDOWS\System32\SHCORE.dll
0x0000013547510000 - 0x0000013547577000 	C:\WINDOWS\System32\shlwapi.dll
0x00007ff984050000 - 0x00007ff984079000 	C:\WINDOWS\SYSTEM32\profapi.dll
0x00007ff9702b0000 - 0x00007ff9702c8000 	c:\Users\g.fokou.tamafo\.vscode\extensions\redhat.java-1.54.0-win32-x64\jre\21.0.10-win32-x86_64\bin\zip.dll
0x00007ff971540000 - 0x00007ff971550000 	C:\Users\g.fokou.tamafo\.vscode\extensions\redhat.java-1.54.0-win32-x64\jre\21.0.10-win32-x86_64\bin\net.dll
0x00007ff982c10000 - 0x00007ff982d39000 	C:\WINDOWS\SYSTEM32\WINHTTP.dll
0x00007ff983270000 - 0x00007ff9832dc000 	C:\WINDOWS\system32\mswsock.dll
0x00007ff96fb30000 - 0x00007ff96fb46000 	C:\Users\g.fokou.tamafo\.vscode\extensions\redhat.java-1.54.0-win32-x64\jre\21.0.10-win32-x86_64\bin\nio.dll
0x00007ff970c00000 - 0x00007ff970c10000 	c:\Users\g.fokou.tamafo\.vscode\extensions\redhat.java-1.54.0-win32-x64\jre\21.0.10-win32-x86_64\bin\verify.dll
0x00007ff958e90000 - 0x00007ff958ed5000 	C:\Users\g.fokou.tamafo\AppData\Roaming\Code\User\globalStorage\redhat.java\1.54.0\config_win\org.eclipse.equinox.launcher\org.eclipse.equinox.launcher.win32.win32.x86_64_1.3.0.v20260203-2149\eclipse_11919.dll
0x00007ff986100000 - 0x00007ff986298000 	C:\WINDOWS\System32\ole32.dll
0x00007ff983670000 - 0x00007ff98368b000 	C:\WINDOWS\SYSTEM32\CRYPTSP.dll
0x00007ff982b50000 - 0x00007ff982b89000 	C:\WINDOWS\system32\rsaenh.dll
0x00007ff983650000 - 0x00007ff98365c000 	C:\WINDOWS\SYSTEM32\CRYPTBASE.dll
0x00007ff984020000 - 0x00007ff98404a000 	C:\WINDOWS\SYSTEM32\bcrypt.dll
0x00007ff983320000 - 0x00007ff983353000 	C:\WINDOWS\SYSTEM32\USERENV.dll
0x00007ff954980000 - 0x00007ff9549c9000 	C:\Users\g.fokou.tamafo\AppData\Local\Temp\jna--2032445961\jna13247827502222582253.dll
0x00007ff985c50000 - 0x00007ff985c58000 	C:\WINDOWS\System32\PSAPI.DLL
0x00007ff974190000 - 0x00007ff9741ad000 	C:\WINDOWS\SYSTEM32\dhcpcsvc6.DLL
0x00007ff974160000 - 0x00007ff974185000 	C:\WINDOWS\SYSTEM32\dhcpcsvc.DLL
0x00007ff970620000 - 0x00007ff97062e000 	C:\Users\g.fokou.tamafo\.vscode\extensions\redhat.java-1.54.0-win32-x64\jre\21.0.10-win32-x86_64\bin\sunmscapi.dll
0x00000135504f0000 - 0x0000013550668000 	C:\WINDOWS\System32\CRYPT32.dll
0x00007ff9837d0000 - 0x00007ff983800000 	C:\WINDOWS\SYSTEM32\ncrypt.dll
0x00007ff983780000 - 0x00007ff9837bf000 	C:\WINDOWS\SYSTEM32\NTASN1.dll
0x00007ff973e10000 - 0x00007ff973e1b000 	C:\Windows\System32\rasadhlp.dll
0x00007ff97bab0000 - 0x00007ff97bb36000 	C:\WINDOWS\System32\fwpuclnt.dll
0x00007ff9705c0000 - 0x00007ff9705c9000 	C:\Users\g.fokou.tamafo\.vscode\extensions\redhat.java-1.54.0-win32-x64\jre\21.0.10-win32-x86_64\bin\extnet.dll
0x00007ff982e40000 - 0x00007ff982e76000 	C:\WINDOWS\SYSTEM32\ntmarta.dll

JVMTI agents:
c:\Users\g.fokou.tamafo\.vscode\extensions\redhat.java-1.54.0-win32-x64\lombok\lombok-1.18.39-4050.jar path:c:\Users\g.fokou.tamafo\.vscode\extensions\redhat.java-1.54.0-win32-x64\jre\21.0.10-win32-x86_64\bin\instrument.dll, loaded, initialized, instrumentlib options:none

dbghelp: loaded successfully - version: 4.0.5 - missing functions: none
symbol engine: initialized successfully - sym options: 0x614 - pdb path: .;c:\Users\g.fokou.tamafo\.vscode\extensions\redhat.java-1.54.0-win32-x64\jre\21.0.10-win32-x86_64\bin;C:\WINDOWS\SYSTEM32;C:\WINDOWS\WinSxS\amd64_microsoft.windows.common-controls_6595b64144ccf1df_6.0.26100.8521_none_3e08b75ce33403b3;C:\Program Files\Avecto\Privilege Guard Client;c:\Users\g.fokou.tamafo\.vscode\extensions\redhat.java-1.54.0-win32-x64\jre\21.0.10-win32-x86_64\bin\server;C:\Users\g.fokou.tamafo\AppData\Roaming\Code\User\globalStorage\redhat.java\1.54.0\config_win\org.eclipse.equinox.launcher\org.eclipse.equinox.launcher.win32.win32.x86_64_1.3.0.v20260203-2149;C:\Users\g.fokou.tamafo\AppData\Local\Temp\jna--2032445961

VM Arguments:
jvm_args: --add-modules=ALL-SYSTEM --add-opens=java.base/java.util=ALL-UNNAMED --add-opens=java.base/java.lang=ALL-UNNAMED --add-opens=java.base/sun.nio.fs=ALL-UNNAMED -Declipse.application=org.eclipse.jdt.ls.core.id1 -Dosgi.bundles.defaultStartLevel=4 -Declipse.product=org.eclipse.jdt.ls.core.product -Djava.import.generatesMetadataFilesAtProjectRoot=false -DDetectVMInstallationsJob.disabled=true -Dfile.encoding=utf8 -XX:+UseParallelGC -XX:GCTimeRatio=4 -XX:AdaptiveSizePolicyWeight=90 -Dsun.zip.disableMemoryMapping=true -Xmx2G -Xms100m -Xlog:disable -javaagent:c:\Users\g.fokou.tamafo\.vscode\extensions\redhat.java-1.54.0-win32-x64\lombok\lombok-1.18.39-4050.jar -XX:+HeapDumpOnOutOfMemoryError -XX:HeapDumpPath=c:\Users\g.fokou.tamafo\AppData\Roaming\Code\User\workspaceStorage\14664f1a38bb628d7ee8ba8b425e261a\redhat.java -Daether.dependencyCollector.impl=bf 
java_command: c:\Users\g.fokou.tamafo\.vscode\extensions\redhat.java-1.54.0-win32-x64\server\plugins\org.eclipse.equinox.launcher_1.7.100.v20251111-0406.jar -configuration c:\Users\g.fokou.tamafo\AppData\Roaming\Code\User\globalStorage\redhat.java\1.54.0\config_win -data c:\Users\g.fokou.tamafo\AppData\Roaming\Code\User\workspaceStorage\14664f1a38bb628d7ee8ba8b425e261a\redhat.java\jdt_ws --pipe=\\.\pipe\lsp-5b493c0fe44f3e3eaeb5c3a30c5715ff-sock
java_class_path (initial): c:\Users\g.fokou.tamafo\.vscode\extensions\redhat.java-1.54.0-win32-x64\server\plugins\org.eclipse.equinox.launcher_1.7.100.v20251111-0406.jar
Launcher Type: SUN_STANDARD

[Global flags]
    uintx AdaptiveSizePolicyWeight                 = 90                                        {product} {command line}
     intx CICompilerCount                          = 4                                         {product} {ergonomic}
    uintx GCTimeRatio                              = 4                                         {product} {command line}
     bool HeapDumpOnOutOfMemoryError               = true                                   {manageable} {command line}
    ccstr HeapDumpPath                             = c:\Users\g.fokou.tamafo\AppData\Roaming\Code\User\workspaceStorage\14664f1a38bb628d7ee8ba8b425e261a\redhat.java         {manageable} {command line}
   size_t InitialHeapSize                          = 104857600                                 {product} {command line}
   size_t MaxHeapSize                              = 2147483648                                {product} {command line}
   size_t MaxNewSize                               = 715653120                                 {product} {ergonomic}
   size_t MinHeapDeltaBytes                        = 524288                                    {product} {ergonomic}
   size_t MinHeapSize                              = 104857600                                 {product} {command line}
   size_t NewSize                                  = 34603008                                  {product} {ergonomic}
    uintx NonNMethodCodeHeapSize                   = 5839372                                {pd product} {ergonomic}
    uintx NonProfiledCodeHeapSize                  = 122909434                              {pd product} {ergonomic}
   size_t OldSize                                  = 70254592                                  {product} {ergonomic}
    uintx ProfiledCodeHeapSize                     = 122909434                              {pd product} {ergonomic}
    uintx ReservedCodeCacheSize                    = 251658240                              {pd product} {ergonomic}
     bool SegmentedCodeCache                       = true                                      {product} {ergonomic}
   size_t SoftMaxHeapSize                          = 2147483648                             {manageable} {ergonomic}
     bool UseCompressedOops                        = true                           {product lp64_product} {ergonomic}
     bool UseLargePagesIndividualAllocation        = false                                  {pd product} {ergonomic}
     bool UseParallelGC                            = true                                      {product} {command line}

Logging:
Log output configuration:
 #0: stdout all=off uptime,level,tags foldmultilines=false
 #1: stderr all=off uptime,level,tags foldmultilines=false

Release file:
JAVA_VERSION="21.0.10" 
MODULES="java.base java.compiler java.datatransfer java.xml java.prefs java.desktop java.instrument java.logging java.management java.security.sasl java.naming java.rmi java.management.rmi java.net.http java.scripting java.security.jgss java.transaction.xa java.sql java.sql.rowset java.xml.crypto java.se java.smartcardio jdk.accessibility jdk.internal.jvmstat jdk.attach jdk.charsets jdk.internal.opt jdk.zipfs jdk.compiler jdk.crypto.ec jdk.crypto.cryptoki jdk.crypto.mscapi jdk.dynalink jdk.internal.ed jdk.editpad jdk.hotspot.agent jdk.httpserver jdk.internal.le jdk.internal.vm.ci jdk.internal.vm.compiler jdk.internal.vm.compiler.management jdk.jartool jdk.javadoc jdk.jcmd jdk.management jdk.management.agent jdk.jconsole jdk.jdeps jdk.jdwp.agent jdk.jdi jdk.jfr jdk.jshell jdk.jsobject jdk.jstatd jdk.localedata jdk.management.jfr jdk.naming.dns jdk.naming.rmi jdk.net jdk.nio.mapmode jdk.random jdk.sctp jdk.security.auth jdk.security.jgss jdk.unsupported jdk.unsupported.desktop jdk.xml.dom" 

Environment Variables:
PATH=C:\Program Files\Common Files\Oracle\Java\javapath;C:\WINDOWS\system32;C:\WINDOWS;C:\WINDOWS\System32\Wbem;C:\WINDOWS\System32\WindowsPowerShell\v1.0\;C:\WINDOWS\System32\OpenSSH\;C:\Program Files\dotnet\;C:\ProgramData\chocolatey\bin;C:\Program Files\RedHat\Podman\;C:\Program Files\nodejs\;C:\Users\g.fokou.tamafo\AppData\Local\Programs\Python\Python314\Scripts\;C:\Users\g.fokou.tamafo\AppData\Local\Programs\Python\Python314\;C:\Users\g.fokou.tamafo\AppData\Local\Programs\Python\Launcher\;C:\Users\g.fokou.tamafo\AppData\Local\Microsoft\WindowsApps;C:\Users\g.fokou.tamafo\Documents\apache-maven-3.9.16-bin\apache-maven-3.9.16\bin;C:\Users\g.fokou.tamafo\AppData\Local\Programs\Git\cmd;C:\Users\g.fokou.tamafo\AppData\Local\Programs\Microsoft VS Code\bin;C:\Users\g.fokou.tamafo\Desktop\brown bag thead virtuel\httpd-2.4.67-260504-Win64-VS18\Apache24\bin;C:\Users\g.fokou.tamafo\AppData\Roaming\npm
USERNAME=g.fokou.tamafo
OS=Windows_NT
PROCESSOR_IDENTIFIER=Intel64 Family 6 Model 154 Stepping 4, GenuineIntel
TMP=C:\Users\GFOKOU~1.TAM\AppData\Local\Temp
TEMP=C:\Users\GFOKOU~1.TAM\AppData\Local\Temp




Periodic native trim disabled

---------------  S Y S T E M  ---------------

OS:
 Windows 11 , 64 bit Build 26100 (10.0.26100.8521)
OS uptime: 2 days 7:35 hours
Hyper-V role detected

CPU: total 12 (initial active 12) (6 cores per cpu, 2 threads per core) family 6 model 154 stepping 4 microcode 0x43b, cx8, cmov, fxsr, ht, mmx, 3dnowpref, sse, sse2, sse3, ssse3, sse4.1, sse4.2, popcnt, lzcnt, tsc, tscinvbit, avx, avx2, aes, erms, clmul, bmi1, bmi2, adx, sha, fma, vzeroupper, clflush, clflushopt, clwb, hv, serialize, rdtscp, rdpid, fsrm, f16c, cet_ibt, cet_ss
Processor Information for processor 0
  Max Mhz: 1800, Current Mhz: 1800, Mhz Limit: 1800
Processor Information for processor 1
  Max Mhz: 1800, Current Mhz: 1800, Mhz Limit: 1800
Processor Information for processor 2
  Max Mhz: 1800, Current Mhz: 1800, Mhz Limit: 1800
Processor Information for processor 3
  Max Mhz: 1800, Current Mhz: 1800, Mhz Limit: 1800
Processor Information for processor 4
  Max Mhz: 1800, Current Mhz: 1523, Mhz Limit: 1800
Processor Information for processor 5
  Max Mhz: 1800, Current Mhz: 1523, Mhz Limit: 1800
Processor Information for processor 6
  Max Mhz: 1800, Current Mhz: 1800, Mhz Limit: 1800
Processor Information for processor 7
  Max Mhz: 1800, Current Mhz: 1523, Mhz Limit: 1800
Processor Information for processor 8
  Max Mhz: 1800, Current Mhz: 1800, Mhz Limit: 1800
Processor Information for processor 9
  Max Mhz: 1800, Current Mhz: 1523, Mhz Limit: 1800
Processor Information for processor 10
  Max Mhz: 1800, Current Mhz: 1523, Mhz Limit: 1800
Processor Information for processor 11
  Max Mhz: 1800, Current Mhz: 1523, Mhz Limit: 1800

Memory: 4k page, system-wide physical 16016M (664M free)
TotalPageFile size 46157M (AvailPageFile size 36M)
current process WorkingSet (physical memory assigned to process): 8M, peak: 921M
current process commit charge ("private bytes"): 779M, peak: 1801M

vm_info: OpenJDK 64-Bit Server VM (21.0.10+7-LTS) for windows-amd64 JRE (21.0.10+7-LTS), built on 2026-01-20T00:00:00Z by "admin" with MS VC++ 17.12 (VS2022)

END.
